// Jest Snapshot v1, https://goo.gl/fbAQLP

exports[`Stretch Component renders correctly 1`] = `
"<div class=\\"w-1/4 text-white label\\"><button class=\\"relative flex items-center justify-center w-full bg-gray-400 label__body\\" style=\\"background-color: rgb(161, 197, 86);\\">
    <div class=\\"label__item\\">ストレッチ</div>
    <!---->
  </button></div>"
`;
