// Jest Snapshot v1, https://goo.gl/fbAQLP

exports[`Accordion Component renders correctly 1`] = `
"<div class=\\"px-6 accordion\\"><button type=\\"button\\" class=\\"px-2 py-4 text-left accordion__trigger\\">

  </button>
  <transition-stub name=\\"js-accordion\\">
    <!---->
  </transition-stub>
</div>"
`;
